نمیترسم#نمی‌ترسم
مینویسم#می‌نویسم
میکنم#می‌کنم
میدونم#می‌دونم
نمیخرم#نمی‌خرم
میدونم#می‌دونم
میره#می‌ره
نمیکشی#نمی‌کشی
میچسبه#می‌چسبه
میشوند#می‌شوند
می‌ ریزد#می‌ریزد
میتواند#می‌تواند
میدونستم#می‌دونستم
مصاحبهها#مصاحبه‌ها
تا ۸۰۰۰رفته#تا ۸۰۰۰ رفته
ساعت ۱۰نشون داد#ساعت ۱۰ نشون داد
۱۶۰تا۱۶۵#۱۶۰ تا ۱۶۵